2015/09/07 21:12:31 test
[mylogger]2015/09/07 21:12:31 test
